To honour the JVM settings for this build a single-use Daemon process will be forked. For more on this, please refer to https://docs.gradle.org/9.3.1/userguide/gradle_daemon.html#sec:disabling_the_daemon in the Gradle documentation.
Daemon will be stopped at the end of the build 
> Task :app:checkKotlinGradlePluginConfigurationErrors SKIPPED
> Task :app:preBuild UP-TO-DATE
> Task :app:preDebugBuild UP-TO-DATE
> Task :app:generateDebugBuildConfig
> Task :app:checkDebugAarMetadata FAILED

[Incubating] Problems report is available at: file:///app/applet/build/reports/problems/problems-report.html

FAILURE: Build failed with an exception.

* What went wrong:
Execution failed for task ':app:checkDebugAarMetadata'.
> Configuration `:app:debugRuntimeClasspath` contains AndroidX dependencies, but the `android.useAndroidX` property is not enabled, which may cause runtime issues.
  Set `android.useAndroidX=true` in the `gradle.properties` file and retry.
  The following AndroidX dependencies are detected:
  :app:debugRuntimeClasspath -> androidx.compose.ui:ui-test-manifest:1.7.5
  :app:debugRuntimeClasspath -> androidx.camera:camera-view:1.4.0 -> androidx.appcompat:appcompat:1.6.1 -> androidx.activity:activity:1.9.3
  :app:debugRuntimeClasspath -> androidx.camera:camera-video:1.4.0 -> androidx.annotation:annotation:1.9.1
  :app:debugRuntimeClasspath -> androidx.camera:camera-video:1.4.0 -> androidx.annotation:annotation:1.9.1 -> androidx.annotation:annotation-jvm:1.9.1
  :app:debugRuntimeClasspath -> androidx.media3:media3-exoplayer:1.4.1 -> androidx.collection:collection:1.4.4
  :app:debugRuntimeClasspath -> androidx.media3:media3-exoplayer:1.4.1 -> androidx.collection:collection:1.4.4 -> androidx.collection:collection-jvm:1.4.4
  :app:debugRuntimeClasspath -> androidx.compose:compose-bom:2024.11.00 -> androidx.compose.ui:ui-unit-android:1.7.5 -> androidx.collection:collection-ktx:1.4.4
  :app:debugRuntimeClasspath -> androidx.camera:camera-video:1.4.0 -> androidx.core:core:1.13.1
  :app:debugRuntimeClasspath -> androidx.camera:camera-view:1.4.0 -> androidx.annotation:annotation-experimental:1.4.1
  :app:debugRuntimeClasspath -> androidx.camera:camera-video:1.4.0 -> androidx.concurrent:concurrent-futures:1.1.0
  :app:debugRuntimeClasspath -> com.google.firebase:firebase-auth:24.0.1 -> androidx.browser:browser:1.8.0 -> androidx.interpolator:interpolator:1.0.0
  :app:debugRuntimeClasspath -> io.coil-kt:coil-compose:2.7.0 -> io.coil-kt:coil-compose-base:2.7.0 -> io.coil-kt:coil-base:2.7.0 -> androidx.lifecycle:lifecycle-runtime:2.8.7
  :app:debugRuntimeClasspath -> io.coil-kt:coil-compose:2.7.0 -> io.coil-kt:coil-compose-base:2.7.0 -> io.coil-kt:coil-base:2.7.0 -> androidx.lifecycle:lifecycle-runtime:2.8.7 -> androidx.lifecycle:lifecycle-runtime-android:2.8.7
  :app:debugRuntimeClasspath -> androidx.camera:camera-view:1.4.0 -> androidx.appcompat:appcompat:1.6.1 -> androidx.savedstate:savedstate:1.2.1 -> androidx.arch.core:core-common:2.2.0
  :app:debugRuntimeClasspath -> androidx.room:room-runtime:2.7.0 -> androidx.room:room-runtime-android:2.7.0 -> androidx.arch.core:core-runtime:2.2.0
  :app:debugRuntimeClasspath -> androidx.camera:camera-view:1.4.0 -> androidx.lifecycle:lifecycle-common:2.8.7
  :app:debugRuntimeClasspath -> androidx.camera:camera-view:1.4.0 -> androidx.lifecycle:lifecycle-common:2.8.7 -> androidx.lifecycle:lifecycle-common-jvm:2.8.7
  :app:debugRuntimeClasspath -> androidx.camera:camera-view:1.4.0 -> androidx.appcompat:appcompat:1.6.1 -> androidx.fragment:fragment:1.3.6
  :app:debugRuntimeClasspath -> androidx.camera:camera-view:1.4.0 -> androidx.appcompat:appcompat:1.6.1 -> androidx.fragment:fragment:1.3.6 -> androidx.viewpager:viewpager:1.0.0
  :app:debugRuntimeClasspath -> androidx.media3:media3-ui:1.4.1 -> androidx.recyclerview:recyclerview:1.3.0 -> androidx.customview:customview:1.0.0
  :app:debugRuntimeClasspath -> androidx.camera:camera-view:1.4.0 -> androidx.appcompat:appcompat:1.6.1 -> androidx.fragment:fragment:1.3.6 -> androidx.loader:loader:1.0.0
  :app:debugRuntimeClasspath -> androidx.camera:camera-core:1.4.0 -> androidx.lifecycle:lifecycle-livedata:2.8.7
  :app:debugRuntimeClasspath -> androidx.camera:camera-view:1.4.0 -> androidx.appcompat:appcompat:1.6.1 -> androidx.fragment:fragment:1.3.6 -> androidx.lifecycle:lifecycle-livedata-core:2.8.7
  :app:debugRuntimeClasspath -> androidx.compose:compose-bom:2024.11.00 -> androidx.compose.material3:material3-android:1.3.1 -> androidx.lifecycle:lifecycle-common-java8:2.8.7
  :app:debugRuntimeClasspath -> androidx.camera:camera-view:1.4.0 -> androidx.appcompat:appcompat:1.6.1 -> androidx.emoji2:emoji2:1.3.0 -> androidx.lifecycle:lifecycle-process:2.8.7 -> androidx.lifecycle:lifecycle-livedata-core-ktx:2.8.7
  :app:debugRuntimeClasspath -> androidx.lifecycle:lifecycle-runtime-compose:2.8.7
  :app:debugRuntimeClasspath -> androidx.lifecycle:lifecycle-runtime-compose:2.8.7 -> androidx.lifecycle:lifecycle-runtime-compose-android:2.8.7
  :app:debugRuntimeClasspath -> androidx.compose:compose-bom:2024.11.00 -> androidx.compose.runtime:runtime:1.7.5
  :app:debugRuntimeClasspath -> androidx.compose:compose-bom:2024.11.00 -> androidx.compose.runtime:runtime-android:1.7.5
  :app:debugRuntimeClasspath -> androidx.compose:compose-bom:2024.11.00 -> androidx.compose.runtime:runtime-saveable:1.7.5
  :app:debugRuntimeClasspath -> androidx.compose:compose-bom:2024.11.00 -> androidx.compose.runtime:runtime-saveable-android:1.7.5
  :app:debugRuntimeClasspath -> androidx.lifecycle:lifecycle-runtime-ktx:2.8.7
  :app:debugRuntimeClasspath -> androidx.lifecycle:lifecycle-runtime-ktx:2.8.7 -> androidx.lifecycle:lifecycle-runtime-ktx-android:2.8.7
  :app:debugRuntimeClasspath -> androidx.camera:camera-view:1.4.0 -> androidx.appcompat:appcompat:1.6.1 -> androidx.lifecycle:lifecycle-viewmodel:2.8.7
  :app:debugRuntimeClasspath -> androidx.camera:camera-view:1.4.0 -> androidx.appcompat:appcompat:1.6.1 -> androidx.lifecycle:lifecycle-viewmodel:2.8.7 -> androidx.lifecycle:lifecycle-viewmodel-android:2.8.7
  :app:debugRuntimeClasspath -> androidx.lifecycle:lifecycle-viewmodel-compose:2.8.7
  :app:debugRuntimeClasspath -> androidx.lifecycle:lifecycle-viewmodel-compose:2.8.7 -> androidx.lifecycle:lifecycle-viewmodel-compose-android:2.8.7
  :app:debugRuntimeClasspath -> androidx.compose.ui:ui:1.7.5
  :app:debugRuntimeClasspath -> androidx.compose:compose-bom:2024.11.00 -> androidx.compose.ui:ui-android:1.7.5
  :app:debugRuntimeClasspath -> androidx.compose:compose-bom:2024.11.00 -> androidx.compose.ui:ui-android:1.7.5 -> androidx.activity:activity-ktx:1.9.3
  :app:debugRuntimeClasspath -> androidx.core:core-ktx:1.13.1
  :app:debugRuntimeClasspath -> androidx.camera:camera-view:1.4.0 -> androidx.appcompat:appcompat:1.6.1 -> androidx.emoji2:emoji2:1.3.0 -> androidx.lifecycle:lifecycle-process:2.8.7 -> androidx.lifecycle:lifecycle-viewmodel-ktx:2.8.7
  :app:debugRuntimeClasspath -> androidx.camera:camera-view:1.4.0 -> androidx.appcompat:appcompat:1.6.1 -> androidx.fragment:fragment:1.3.6 -> androidx.lifecycle:lifecycle-viewmodel-savedstate:2.8.7
  :app:debugRuntimeClasspath -> androidx.camera:camera-view:1.4.0 -> androidx.appcompat:appcompat:1.6.1 -> androidx.savedstate:savedstate:1.2.1
  :app:debugRuntimeClasspath -> androidx.compose:compose-bom:2024.11.00 -> androidx.compose.ui:ui-tooling-android:1.7.5 -> androidx.savedstate:savedstate-ktx:1.2.1
  :app:debugRuntimeClasspath -> androidx.camera:camera-view:1.4.0 -> androidx.appcompat:appcompat:1.6.1 -> androidx.emoji2:emoji2:1.3.0 -> androidx.lifecycle:lifecycle-process:2.8.7
  :app:debugRuntimeClasspath -> androidx.camera:camera-view:1.4.0 -> androidx.appcompat:appcompat:1.6.1 -> androidx.emoji2:emoji2:1.3.0 -> androidx.startup:startup-runtime:1.2.0
  :app:debugRuntimeClasspath -> androidx.camera:camera-camera2:1.4.0 -> androidx.tracing:tracing:1.2.0
  :app:debugRuntimeClasspath -> androidx.camera:camera-lifecycle:1.4.0 -> androidx.tracing:tracing-ktx:1.2.0
  :app:debugRuntimeClasspath -> androidx.activity:activity-compose:1.9.3
  :app:debugRuntimeClasspath -> androidx.compose:compose-bom:2024.11.00 -> androidx.compose.ui:ui-android:1.7.5 -> androidx.autofill:autofill:1.0.0
  :app:debugRuntimeClasspath -> androidx.compose:compose-bom:2024.11.00 -> androidx.compose.ui:ui-geometry:1.7.5
  :app:debugRuntimeClasspath -> androidx.compose:compose-bom:2024.11.00 -> androidx.compose.ui:ui-geometry-android:1.7.5
  :app:debugRuntimeClasspath -> androidx.compose:compose-bom:2024.11.00 -> androidx.compose.ui:ui-util:1.7.5
  :app:debugRuntimeClasspath -> androidx.compose:compose-bom:2024.11.00 -> androidx.compose.ui:ui-util-android:1.7.5
  :app:debugRuntimeClasspath -> androidx.compose.ui:ui-graphics:1.7.5
  :app:debugRuntimeClasspath -> androidx.compose:compose-bom:2024.11.00 -> androidx.compose.ui:ui-graphics-android:1.7.5
  :app:debugRuntimeClasspath -> androidx.compose:compose-bom:2024.11.00 -> androidx.compose.ui:ui-unit:1.7.5
  :app:debugRuntimeClasspath -> androidx.compose:compose-bom:2024.11.00 -> androidx.compose.ui:ui-unit-android:1.7.5
  :app:debugRuntimeClasspath -> androidx.compose:compose-bom:2024.11.00 -> androidx.compose.ui:ui-text:1.7.5
  :app:debugRuntimeClasspath -> androidx.compose:compose-bom:2024.11.00 -> androidx.compose.ui:ui-text-android:1.7.5
  :app:debugRuntimeClasspath -> androidx.camera:camera-view:1.4.0 -> androidx.appcompat:appcompat:1.6.1 -> androidx.emoji2:emoji2:1.3.0
  :app:debugRuntimeClasspath -> androidx.camera:camera-view:1.4.0 -> androidx.appcompat:appcompat:1.6.1 -> androidx.emoji2:emoji2-views-helper:1.3.0
  :app:debugRuntimeClasspath -> androidx.compose.ui:ui-tooling:1.7.5
  :app:debugRuntimeClasspath -> androidx.compose:compose-bom:2024.11.00 -> androidx.compose.ui:ui-tooling-android:1.7.5
  :app:debugRuntimeClasspath -> androidx.compose:compose-bom:2024.11.00 -> androidx.compose.animation:animation:1.7.5
  :app:debugRuntimeClasspath -> androidx.compose:compose-bom:2024.11.00 -> androidx.compose.animation:animation-android:1.7.5
  :app:debugRuntimeClasspath -> androidx.compose:compose-bom:2024.11.00 -> androidx.compose.animation:animation-core:1.7.5
  :app:debugRuntimeClasspath -> androidx.compose:compose-bom:2024.11.00 -> androidx.compose.animation:animation-core-android:1.7.5
  :app:debugRuntimeClasspath -> androidx.compose:compose-bom:2024.11.00 -> androidx.compose.foundation:foundation-layout:1.7.5
  :app:debugRuntimeClasspath -> androidx.compose:compose-bom:2024.11.00 -> androidx.compose.foundation:foundation-layout-android:1.7.5
  :app:debugRuntimeClasspath -> com.google.accompanist:accompanist-permissions:0.37.3 -> androidx.compose.foundation:foundation:1.7.5
  :app:debugRuntimeClasspath -> androidx.compose:compose-bom:2024.11.00 -> androidx.compose.foundation:foundation-android:1.7.5
  :app:debugRuntimeClasspath -> androidx.compose:compose-bom:2024.11.00 -> androidx.compose.material:material:1.7.5
  :app:debugRuntimeClasspath -> androidx.compose:compose-bom:2024.11.00 -> androidx.compose.material:material-android:1.7.5
  :app:debugRuntimeClasspath -> androidx.compose:compose-bom:2024.11.00 -> androidx.compose.material:material-ripple:1.7.5
  :app:debugRuntimeClasspath -> androidx.compose:compose-bom:2024.11.00 -> androidx.compose.material:material-ripple-android:1.7.5
  :app:debugRuntimeClasspath -> androidx.compose:compose-bom:2024.11.00 -> androidx.compose.ui:ui-tooling-data:1.7.5
  :app:debugRuntimeClasspath -> androidx.compose:compose-bom:2024.11.00 -> androidx.compose.ui:ui-tooling-data-android:1.7.5
  :app:debugRuntimeClasspath -> androidx.compose.ui:ui-tooling-preview:1.7.5
  :app:debugRuntimeClasspath -> androidx.compose:compose-bom:2024.11.00 -> androidx.compose.ui:ui-tooling-preview-android:1.7.5
  :app:debugRuntimeClasspath -> androidx.compose:compose-bom:2024.11.00 -> androidx.compose.ui:ui-graphics-android:1.7.5 -> androidx.graphics:graphics-path:1.0.1
  :app:debugRuntimeClasspath -> androidx.media3:media3-ui:1.4.1 -> androidx.recyclerview:recyclerview:1.3.0 -> androidx.customview:customview-poolingcontainer:1.0.0
  :app:debugRuntimeClasspath -> io.coil-kt:coil-compose:2.7.0 -> io.coil-kt:coil-compose-base:2.7.0 -> io.coil-kt:coil-base:2.7.0 -> androidx.profileinstaller:profileinstaller:1.3.1
  :app:debugRuntimeClasspath -> androidx.camera:camera-video:1.4.0 -> androidx.core:core:1.13.1 -> androidx.versionedparcelable:versionedparcelable:1.1.1
  :app:debugRuntimeClasspath -> androidx.compose:compose-bom:2024.11.00
  :app:debugRuntimeClasspath -> androidx.compose.material:material-icons-core:1.7.5
  :app:debugRuntimeClasspath -> androidx.compose:compose-bom:2024.11.00 -> androidx.compose.material:material-icons-core-android:1.7.5
  :app:debugRuntimeClasspath -> androidx.compose.material:material-icons-extended:1.7.5
  :app:debugRuntimeClasspath -> androidx.compose:compose-bom:2024.11.00 -> androidx.compose.material:material-icons-extended-android:1.7.5
  :app:debugRuntimeClasspath -> androidx.compose.material3:material3:1.3.1
  :app:debugRuntimeClasspath -> androidx.compose:compose-bom:2024.11.00 -> androidx.compose.material3:material3-android:1.3.1
  :app:debugRuntimeClasspath -> com.google.firebase:firebase-auth:24.0.1 -> androidx.browser:browser:1.8.0
  :app:debugRuntimeClasspath -> com.google.firebase:firebase-auth:24.0.1 -> androidx.credentials:credentials:1.2.0-rc01
  :app:debugRuntimeClasspath -> com.google.firebase:firebase-auth:24.0.1 -> androidx.credentials:credentials-play-services-auth:1.2.0-rc01
  :app:debugRuntimeClasspath -> com.google.firebase:firebase-auth:24.0.1 -> androidx.localbroadcastmanager:localbroadcastmanager:1.0.0
  :app:debugRuntimeClasspath -> com.google.firebase:firebase-bom:34.12.0 -> com.google.firebase:firebase-common:22.0.1 -> androidx.datastore:datastore-preferences:1.1.7
  :app:debugRuntimeClasspath -> com.google.firebase:firebase-bom:34.12.0 -> com.google.firebase:firebase-common:22.0.1 -> androidx.datastore:datastore-preferences:1.1.7 -> androidx.datastore:datastore-preferences-android:1.1.7
  :app:debugRuntimeClasspath -> com.google.firebase:firebase-bom:34.12.0 -> com.google.firebase:firebase-common:22.0.1 -> androidx.datastore:datastore-preferences:1.1.7 -> androidx.datastore:datastore-preferences-android:1.1.7 -> androidx.datastore:datastore-preferences-core:1.1.7 -> androidx.datastore:datastore-preferences-core-android:1.1.7 -> androidx.datastore:datastore-preferences-proto:1.1.7 -> androidx.datastore:datastore-core:1.1.7 -> androidx.datastore:datastore-core-android:1.1.7 -> androidx.datastore:datastore-core-okio:1.1.7 -> androidx.datastore:datastore-core-okio-jvm:1.1.7 -> androidx.datastore:datastore-preferences-external-protobuf:1.1.7 -> androidx.datastore:datastore:1.1.7
  :app:debugRuntimeClasspath -> com.google.firebase:firebase-bom:34.12.0 -> com.google.firebase:firebase-common:22.0.1 -> androidx.datastore:datastore-preferences:1.1.7 -> androidx.datastore:datastore-preferences-android:1.1.7 -> androidx.datastore:datastore-preferences-core:1.1.7 -> androidx.datastore:datastore-preferences-core-android:1.1.7 -> androidx.datastore:datastore-preferences-proto:1.1.7 -> androidx.datastore:datastore-core:1.1.7 -> androidx.datastore:datastore-core-android:1.1.7 -> androidx.datastore:datastore-core-okio:1.1.7 -> androidx.datastore:datastore-core-okio-jvm:1.1.7 -> androidx.datastore:datastore-preferences-external-protobuf:1.1.7 -> androidx.datastore:datastore:1.1.7 -> androidx.datastore:datastore-android:1.1.7
  :app:debugRuntimeClasspath -> com.google.firebase:firebase-bom:34.12.0 -> com.google.firebase:firebase-common:22.0.1 -> androidx.datastore:datastore-preferences:1.1.7 -> androidx.datastore:datastore-preferences-android:1.1.7 -> androidx.datastore:datastore:1.1.7 -> androidx.datastore:datastore-android:1.1.7 -> androidx.datastore:datastore-preferences-core:1.1.7 -> androidx.datastore:datastore-preferences-core-android:1.1.7 -> androidx.datastore:datastore-preferences-proto:1.1.7 -> androidx.datastore:datastore-core-okio:1.1.7 -> androidx.datastore:datastore-core-okio-jvm:1.1.7 -> androidx.datastore:datastore-preferences-external-protobuf:1.1.7 -> androidx.datastore:datastore-core:1.1.7
  :app:debugRuntimeClasspath -> com.google.firebase:firebase-bom:34.12.0 -> com.google.firebase:firebase-common:22.0.1 -> androidx.datastore:datastore-preferences:1.1.7 -> androidx.datastore:datastore-preferences-android:1.1.7 -> androidx.datastore:datastore:1.1.7 -> androidx.datastore:datastore-android:1.1.7 -> androidx.datastore:datastore-preferences-core:1.1.7 -> androidx.datastore:datastore-preferences-core-android:1.1.7 -> androidx.datastore:datastore-preferences-proto:1.1.7 -> androidx.datastore:datastore-core-okio:1.1.7 -> androidx.datastore:datastore-core-okio-jvm:1.1.7 -> androidx.datastore:datastore-preferences-external-protobuf:1.1.7 -> androidx.datastore:datastore-core:1.1.7 -> androidx.datastore:datastore-core-android:1.1.7
  :app:debugRuntimeClasspath -> com.google.firebase:firebase-bom:34.12.0 -> com.google.firebase:firebase-common:22.0.1 -> androidx.datastore:datastore-preferences:1.1.7 -> androidx.datastore:datastore-preferences-android:1.1.7 -> androidx.datastore:datastore:1.1.7 -> androidx.datastore:datastore-android:1.1.7 -> androidx.datastore:datastore-preferences-core:1.1.7 -> androidx.datastore:datastore-preferences-core-android:1.1.7 -> androidx.datastore:datastore-preferences-proto:1.1.7 -> androidx.datastore:datastore-core:1.1.7 -> androidx.datastore:datastore-core-android:1.1.7 -> androidx.datastore:datastore-preferences-external-protobuf:1.1.7 -> androidx.datastore:datastore-core-okio:1.1.7
  :app:debugRuntimeClasspath -> com.google.firebase:firebase-bom:34.12.0 -> com.google.firebase:firebase-common:22.0.1 -> androidx.datastore:datastore-preferences:1.1.7 -> androidx.datastore:datastore-preferences-android:1.1.7 -> androidx.datastore:datastore:1.1.7 -> androidx.datastore:datastore-android:1.1.7 -> androidx.datastore:datastore-preferences-core:1.1.7 -> androidx.datastore:datastore-preferences-core-android:1.1.7 -> androidx.datastore:datastore-preferences-proto:1.1.7 -> androidx.datastore:datastore-core:1.1.7 -> androidx.datastore:datastore-core-android:1.1.7 -> androidx.datastore:datastore-preferences-external-protobuf:1.1.7 -> androidx.datastore:datastore-core-okio:1.1.7 -> androidx.datastore:datastore-core-okio-jvm:1.1.7
  :app:debugRuntimeClasspath -> com.google.firebase:firebase-bom:34.12.0 -> com.google.firebase:firebase-common:22.0.1 -> androidx.datastore:datastore-preferences:1.1.7 -> androidx.datastore:datastore-preferences-android:1.1.7 -> androidx.datastore:datastore:1.1.7 -> androidx.datastore:datastore-android:1.1.7 -> androidx.datastore:datastore-preferences-proto:1.1.7 -> androidx.datastore:datastore-core:1.1.7 -> androidx.datastore:datastore-core-android:1.1.7 -> androidx.datastore:datastore-core-okio:1.1.7 -> androidx.datastore:datastore-core-okio-jvm:1.1.7 -> androidx.datastore:datastore-preferences-external-protobuf:1.1.7 -> androidx.datastore:datastore-preferences-core:1.1.7
  :app:debugRuntimeClasspath -> com.google.firebase:firebase-bom:34.12.0 -> com.google.firebase:firebase-common:22.0.1 -> androidx.datastore:datastore-preferences:1.1.7 -> androidx.datastore:datastore-preferences-android:1.1.7 -> androidx.datastore:datastore:1.1.7 -> androidx.datastore:datastore-android:1.1.7 -> androidx.datastore:datastore-preferences-proto:1.1.7 -> androidx.datastore:datastore-core:1.1.7 -> androidx.datastore:datastore-core-android:1.1.7 -> androidx.datastore:datastore-core-okio:1.1.7 -> androidx.datastore:datastore-core-okio-jvm:1.1.7 -> androidx.datastore:datastore-preferences-external-protobuf:1.1.7 -> androidx.datastore:datastore-preferences-core:1.1.7 -> androidx.datastore:datastore-preferences-core-android:1.1.7
  :app:debugRuntimeClasspath -> com.google.firebase:firebase-bom:34.12.0 -> com.google.firebase:firebase-common:22.0.1 -> androidx.datastore:datastore-preferences:1.1.7 -> androidx.datastore:datastore-preferences-android:1.1.7 -> androidx.datastore:datastore:1.1.7 -> androidx.datastore:datastore-android:1.1.7 -> androidx.datastore:datastore-preferences-core:1.1.7 -> androidx.datastore:datastore-preferences-core-android:1.1.7 -> androidx.datastore:datastore-core:1.1.7 -> androidx.datastore:datastore-core-android:1.1.7 -> androidx.datastore:datastore-core-okio:1.1.7 -> androidx.datastore:datastore-core-okio-jvm:1.1.7 -> androidx.datastore:datastore-preferences-external-protobuf:1.1.7 -> androidx.datastore:datastore-preferences-proto:1.1.7
  :app:debugRuntimeClasspath -> com.google.firebase:firebase-bom:34.12.0 -> com.google.firebase:firebase-common:22.0.1 -> androidx.datastore:datastore-preferences:1.1.7 -> androidx.datastore:datastore-preferences-android:1.1.7 -> androidx.datastore:datastore:1.1.7 -> androidx.datastore:datastore-android:1.1.7 -> androidx.datastore:datastore-preferences-core:1.1.7 -> androidx.datastore:datastore-preferences-core-android:1.1.7 -> androidx.datastore:datastore-preferences-proto:1.1.7 -> androidx.datastore:datastore-core:1.1.7 -> androidx.datastore:datastore-core-android:1.1.7 -> androidx.datastore:datastore-core-okio:1.1.7 -> androidx.datastore:datastore-core-okio-jvm:1.1.7 -> androidx.datastore:datastore-preferences-external-protobuf:1.1.7
  :app:debugRuntimeClasspath -> androidx.camera:camera-camera2:1.4.0
  :app:debugRuntimeClasspath -> androidx.camera:camera-core:1.4.0
  :app:debugRuntimeClasspath -> androidx.camera:camera-lifecycle:1.4.0 -> androidx.concurrent:concurrent-futures-ktx:1.1.0
  :app:debugRuntimeClasspath -> androidx.camera:camera-core:1.4.0 -> androidx.exifinterface:exifinterface:1.3.7
  :app:debugRuntimeClasspath -> androidx.camera:camera-lifecycle:1.4.0
  :app:debugRuntimeClasspath -> androidx.camera:camera-video:1.4.0
  :app:debugRuntimeClasspath -> androidx.camera:camera-view:1.4.0
  :app:debugRuntimeClasspath -> androidx.camera:camera-view:1.4.0 -> androidx.appcompat:appcompat:1.6.1
  :app:debugRuntimeClasspath -> io.coil-kt:coil-compose:2.7.0 -> io.coil-kt:coil-compose-base:2.7.0 -> io.coil-kt:coil-base:2.7.0 -> androidx.appcompat:appcompat-resources:1.6.1
  :app:debugRuntimeClasspath -> io.coil-kt:coil-compose:2.7.0 -> io.coil-kt:coil-compose-base:2.7.0 -> io.coil-kt:coil-base:2.7.0 -> androidx.appcompat:appcompat-resources:1.6.1 -> androidx.vectordrawable:vectordrawable:1.1.0
  :app:debugRuntimeClasspath -> io.coil-kt:coil-compose:2.7.0 -> io.coil-kt:coil-compose-base:2.7.0 -> io.coil-kt:coil-base:2.7.0 -> androidx.appcompat:appcompat-resources:1.6.1 -> androidx.vectordrawable:vectordrawable-animated:1.1.0
  :app:debugRuntimeClasspath -> androidx.camera:camera-view:1.4.0 -> androidx.appcompat:appcompat:1.6.1 -> androidx.cursoradapter:cursoradapter:1.0.0
  :app:debugRuntimeClasspath -> androidx.camera:camera-view:1.4.0 -> androidx.appcompat:appcompat:1.6.1 -> androidx.drawerlayout:drawerlayout:1.0.0
  :app:debugRuntimeClasspath -> androidx.camera:camera-view:1.4.0 -> androidx.appcompat:appcompat:1.6.1 -> androidx.resourceinspection:resourceinspection-annotation:1.0.1
  :app:debugRuntimeClasspath -> androidx.room:room-ktx:2.7.0
  :app:debugRuntimeClasspath -> androidx.room:room-runtime:2.7.0 -> androidx.room:room-runtime-android:2.7.0 -> androidx.room:room-common:2.7.0
  :app:debugRuntimeClasspath -> androidx.room:room-runtime:2.7.0 -> androidx.room:room-runtime-android:2.7.0 -> androidx.room:room-common:2.7.0 -> androidx.room:room-common-jvm:2.7.0
  :app:debugRuntimeClasspath -> androidx.room:room-runtime:2.7.0
  :app:debugRuntimeClasspath -> androidx.room:room-runtime:2.7.0 -> androidx.room:room-runtime-android:2.7.0
  :app:debugRuntimeClasspath -> androidx.room:room-runtime:2.7.0 -> androidx.room:room-runtime-android:2.7.0 -> androidx.sqlite:sqlite:2.5.0
  :app:debugRuntimeClasspath -> androidx.room:room-runtime:2.7.0 -> androidx.room:room-runtime-android:2.7.0 -> androidx.sqlite:sqlite:2.5.0 -> androidx.sqlite:sqlite-android:2.5.0
  :app:debugRuntimeClasspath -> androidx.room:room-runtime:2.7.0 -> androidx.room:room-runtime-android:2.7.0 -> androidx.sqlite:sqlite-framework:2.5.0
  :app:debugRuntimeClasspath -> androidx.room:room-runtime:2.7.0 -> androidx.room:room-runtime-android:2.7.0 -> androidx.sqlite:sqlite-framework:2.5.0 -> androidx.sqlite:sqlite-framework-android:2.5.0
  :app:debugRuntimeClasspath -> androidx.media3:media3-exoplayer:1.4.1
  :app:debugRuntimeClasspath -> androidx.media3:media3-exoplayer:1.4.1 -> androidx.media3:media3-common:1.4.1
  :app:debugRuntimeClasspath -> androidx.media3:media3-exoplayer:1.4.1 -> androidx.media3:media3-container:1.4.1
  :app:debugRuntimeClasspath -> androidx.media3:media3-exoplayer:1.4.1 -> androidx.media3:media3-database:1.4.1
  :app:debugRuntimeClasspath -> androidx.media3:media3-exoplayer:1.4.1 -> androidx.media3:media3-datasource:1.4.1
  :app:debugRuntimeClasspath -> androidx.media3:media3-exoplayer:1.4.1 -> androidx.media3:media3-decoder:1.4.1
  :app:debugRuntimeClasspath -> androidx.media3:media3-exoplayer:1.4.1 -> androidx.media3:media3-extractor:1.4.1
  :app:debugRuntimeClasspath -> androidx.media3:media3-ui:1.4.1
  :app:debugRuntimeClasspath -> androidx.media3:media3-ui:1.4.1 -> androidx.media:media:1.7.0
  :app:debugRuntimeClasspath -> androidx.media3:media3-ui:1.4.1 -> androidx.recyclerview:recyclerview:1.3.0
  :app:debugRuntimeClasspath -> com.google.maps.android:maps-compose:4.4.1 -> com.google.maps.android:maps-ktx:5.0.0 -> androidx.databinding:viewbinding:7.4.2

* Try:
> Run with --stacktrace option to get the stack trace.
> Run with --info or --debug option to get more log output.
> Run with --scan to get full insights from a Build Scan (powered by Develocity).
> Get more help at https://help.gradle.org.

Deprecated Gradle features were used in this build, making it incompatible with Gradle 10.

You can use '--warning-mode all' to show the individual deprecation warnings and determine if they come from your own scripts or plugins.

For more on this, please refer to https://docs.gradle.org/9.3.1/userguide/command_line_interface.html#sec:command_line_warnings in the Gradle documentation.

BUILD FAILED in 18s
2 actionable tasks: 2 executed
